127.0.0.1 - - [30/Jan/2021:11:11:20 -0300] "POST /foo HTTP/1.1" 200 0 "-" "curl/7.47.0"
127.0.0.1 - - [30/Jan/2021:11:11:20 -0300] "POST /foo HTTP/1.1" 200 0 "-" "curl/7.47.0"
127.0.0.1 - - [30/Jan/2021:11:11:20 -0300] "POST /foo HTTP/1.1" 200 0 "-" "curl/7.47.0"
127.0.0.1 - - [30/Jan/2021:11:11:20 -0300] "POST /foo HTTP/1.1" 200 0 "-" "curl/7.47.0"
127.0.0.1 - - [30/Jan/2021:11:11:20 -0300] "POST /foo HTTP/1.1" 200 0 "-" "curl/7.47.0"
89.123.1.41 - - [30/Jan/2021:11:11:20 -0300] "POST /foo HTTP/1.1" 200 0 "-" "curl/7.47.0"

176.212.24.22 - - [30/Jan/2021:11:11:25 -0300] "GET /boo HTTP/1.1" 404 0 "-" "curl/7.47.0"

176.212.24.22 - - [30/Jan/2021:11:11:25 -0300] "GET /boo HTTP/1.1" 404 0 "-" "curl/7.47.0"

176.212.24.22 - - [30/Jan/2021:11:11:25 -0300] "GET /boo HTTP/1.1" 404 0 "-" "curl/7.47.0"

176.212.24.22 - - [30/Jan/2021:11:11:25 -0300] "GET /boo HTTP/1.1" 404 0 "-" "curl/7.47.0"

176.212.24.22 - - [30/Jan/2021:11:11:25 -0300] "GET /boo HTTP/1.1" 404 0 "-" "curl/7.47.0"

176.212.24.22 - - [30/Jan/2021:11:11:25 -0300] "GET /boo HTTP/1.1" 404 0 "-" "curl/7.47.0"

89.123.1.41 - - [30/Jan/2021:11:11:20 -0300] "POST /foo HTTP/1.1" 200 0 "-" "curl/7.47.0"

176.212.24.22 - - [30/Jan/2021:11:11:25 -0300] "GET /boo HTTP/1.1" 404 0 "-" "curl/7.47.0"

176.212.24.22 - - [30/Jan/2021:11:11:25 -0300] "GET /boo HTTP/1.1" 404 0 "-" "curl/7.47.0"

176.212.24.22 - - [30/Jan/2021:11:11:25 -0300] "GET /boo HTTP/1.1" 404 0 "-" "curl/7.47.0"

176.212.24.22 - - [30/Jan/2021:11:11:25 -0300] "GET /boo HTTP/1.1" 404 0 "-" "curl/7.47.0"

89.123.1.41 - - [30/Jan/2021:11:11:20 -0300] "POST /foo HTTP/1.1" 200 0 "-" "curl/7.47.0"

89.123.1.41 - - [30/Jan/2021:11:11:20 -0300] "POST /foo HTTP/1.1" 200 0 "-" "curl/7.47.0"

176.212.24.22 - - [30/Jan/2021:11:11:25 -0300] "GET /boo HTTP/1.1" 404 0 "-" "curl/7.47.0"

176.212.24.22 - - [30/Jan/2021:11:11:25 -0300] "GET /boo HTTP/1.1" 404 0 "-" "curl/7.47.0"

89.123.1.41 - - [30/Jan/2021:11:11:20 -0300] "POST /foo HTTP/1.1" 200 0 "-" "curl/7.47.0"

176.212.24.22 - - [30/Jan/2021:11:11:25 -0300] "GET /boo HTTP/1.1" 404 0 "-" "curl/7.47.0"

176.212.24.22 - - [30/Jan/2021:11:11:25 -0300] "GET /boo HTTP/1.1" 404 0 "-" "curl/7.47.0"

176.212.24.22 - - [30/Jan/2021:11:11:25 -0300] "GET /boo HTTP/1.1" 404 0 "-" "curl/7.47.0"

176.212.24.22 - - [30/Jan/2021:11:11:25 -0300] "GET /boo HTTP/1.1" 404 0 "-" "curl/7.47.0"

176.212.24.22 - - [30/Jan/2021:11:11:25 -0300] "GET /boo HTTP/1.1" 404 0 "-" "curl/7.47.0"

176.212.24.22 - - [30/Jan/2021:11:11:25 -0300] "GET /boo HTTP/1.1" 404 0 "-" "curl/7.47.0"

89.123.1.41 - - [30/Jan/2021:11:11:20 -0300] "POST /foo HTTP/1.1" 200 0 "-" "curl/7.47.0"

176.212.24.22 - - [30/Jan/2021:11:11:25 -0300] "GET /boo HTTP/1.1" 404 0 "-" "curl/7.47.0"

176.212.24.22 - - [30/Jan/2021:11:11:25 -0300] "GET /boo HTTP/1.1" 404 0 "-" "curl/7.47.0"

176.212.24.22 - - [30/Jan/2021:11:11:25 -0300] "GET /boo HTTP/1.1" 404 0 "-" "curl/7.47.0"

176.212.24.22 - - [30/Jan/2021:11:11:25 -0300] "GET /boo HTTP/1.1" 404 0 "-" "curl/7.47.0"

89.123.1.41 - - [30/Jan/2021:11:11:20 -0300] "POST /foo HTTP/1.1" 200 0 "-" "curl/7.47.0"

176.212.24.22 - - [30/Jan/2021:11:11:25 -0300] "GET /boo HTTP/1.1" 404 0 "-" "curl/7.47.0"

176.212.24.22 - - [30/Jan/2021:11:11:25 -0300] "GET /boo HTTP/1.1" 404 0 "-" "curl/7.47.0"

89.123.1.41 - - [30/Jan/2021:11:11:20 -0300] "POST /foo HTTP/1.1" 200 0 "-" "curl/7.47.0"

176.212.24.22 - - [30/Jan/2021:11:11:25 -0300] "GET /boo HTTP/1.1" 404 0 "-" "curl/7.47.0"

176.212.24.22 - - [30/Jan/2021:11:11:25 -0300] "GET /boo HTTP/1.1" 404 0 "-" "curl/7.47.0"

176.212.24.22 - - [30/Jan/2021:11:11:25 -0300] "GET /boo HTTP/1.1" 404 0 "-" "curl/7.47.0"

176.212.24.22 - - [30/Jan/2021:11:11:25 -0300] "GET /boo HTTP/1.1" 404 0 "-" "curl/7.47.0"

176.212.24.22 - - [30/Jan/2021:11:11:25 -0300] "GET /boo HTTP/1.1" 404 0 "-" "curl/7.47.0"

176.212.24.22 - - [30/Jan/2021:11:11:25 -0300] "GET /boo HTTP/1.1" 404 0 "-" "curl/7.47.0"

89.123.1.41 - - [30/Jan/2021:11:11:20 -0300] "POST /foo HTTP/1.1" 200 0 "-" "curl/7.47.0"

176.212.24.22 - - [30/Jan/2021:11:11:25 -0300] "GET /boo HTTP/1.1" 404 0 "-" "curl/7.47.0"

176.212.24.22 - - [30/Jan/2021:11:11:25 -0300] "GET /boo HTTP/1.1" 404 0 "-" "curl/7.47.0"

176.212.24.22 - - [30/Jan/2021:11:11:25 -0300] "GET /boo HTTP/1.1" 404 0 "-" "curl/7.47.0"

176.212.24.22 - - [30/Jan/2021:11:11:25 -0300] "GET /boo HTTP/1.1" 404 0 "-" "curl/7.47.0"

89.123.1.41 - - [30/Jan/2021:11:11:20 -0300] "POST /foo HTTP/1.1" 200 0 "-" "curl/7.47.0"

176.212.24.22 - - [30/Jan/2021:11:11:25 -0300] "GET /boo HTTP/1.1" 404 0 "-" "curl/7.47.0"

176.212.24.22 - - [30/Jan/2021:11:11:25 -0300] "GET /boo HTTP/1.1" 404 0 "-" "curl/7.47.0"

89.123.1.41 - - [30/Jan/2021:11:11:20 -0300] "POST /foo HTTP/1.1" 200 0 "-" "curl/7.47.0"

176.212.24.22 - - [30/Jan/2021:11:11:25 -0300] "GET /boo HTTP/1.1" 404 0 "-" "curl/7.47.0"

176.212.24.22 - - [30/Jan/2021:11:11:25 -0300] "GET /boo HTTP/1.1" 404 0 "-" "curl/7.47.0"

176.212.24.22 - - [30/Jan/2021:11:11:25 -0300] "GET /boo HTTP/1.1" 404 0 "-" "curl/7.47.0"

176.212.24.22 - - [30/Jan/2021:11:11:25 -0300] "GET /boo HTTP/1.1" 404 0 "-" "curl/7.47.0"

89.123.1.41 - - [30/Jan/2021:11:11:20 -0300] "POST /foo HTTP/1.1" 200 0 "-" "curl/7.47.0"

89.123.1.41 - - [30/Jan/2021:11:11:20 -0300] "POST /foo HTTP/1.1" 200 0 "-" "curl/7.47.0"

176.212.24.22 - - [30/Jan/2021:11:11:25 -0300] "GET /boo HTTP/1.1" 404 0 "-" "curl/7.47.0"

34.48.240.111 - - [30/Jan/2021:11:11:25 -0300] "GET /boo HTTP/1.1" 404 0 "-" "curl/7.47.0"

176.212.24.22 - - [30/Jan/2021:11:11:25 -0300] "GET /boo HTTP/1.1" 404 0 "-" "curl/7.47.0"

176.212.24.22 - - [30/Jan/2021:11:11:25 -0300] "GET /boo HTTP/1.1" 404 0 "-" "curl/7.47.0"

176.212.24.22 - - [30/Jan/2021:11:11:25 -0300] "GET /boo HTTP/1.1" 404 0 "-" "curl/7.47.0"

176.212.24.22 - - [30/Jan/2021:11:11:25 -0300] "GET /boo HTTP/1.1" 404 0 "-" "curl/7.47.0"

89.123.1.41 - - [30/Jan/2021:11:11:20 -0300] "POST /foo HTTP/1.1" 200 0 "-" "curl/7.47.0"

176.212.24.22 - - [30/Jan/2021:11:11:25 -0300] "GET /boo HTTP/1.1" 404 0 "-" "curl/7.47.0"

176.212.24.22 - - [30/Jan/2021:11:11:25 -0300] "GET /boo HTTP/1.1" 404 0 "-" "curl/7.47.0"

176.212.24.22 - - [30/Jan/2021:11:11:25 -0300] "GET /boo HTTP/1.1" 404 0 "-" "curl/7.47.0"

176.212.24.22 - - [30/Jan/2021:11:11:25 -0300] "GET /boo HTTP/1.1" 404 0 "-" "curl/7.47.0"

89.123.1.41 - - [30/Jan/2021:11:11:20 -0300] "POST /foo HTTP/1.1" 200 0 "-" "curl/7.47.0"

89.123.1.41 - - [30/Jan/2021:11:11:20 -0300] "POST /foo HTTP/1.1" 200 0 "-" "curl/7.47.0"

176.212.24.22 - - [30/Jan/2021:11:11:25 -0300] "GET /boo HTTP/1.1" 404 0 "-" "curl/7.47.0"

176.212.24.22 - - [30/Jan/2021:11:11:25 -0300] "GET /boo HTTP/1.1" 404 0 "-" "curl/7.47.0"

176.212.24.22 - - [30/Jan/2021:11:11:25 -0300] "GET /boo HTTP/1.1" 404 0 "-" "curl/7.47.0"

176.212.24.22 - - [30/Jan/2021:11:11:25 -0300] "GET /boo HTTP/1.1" 404 0 "-" "curl/7.47.0"

176.212.24.22 - - [30/Jan/2021:11:11:25 -0300] "GET /boo HTTP/1.1" 404 0 "-" "curl/7.47.0"

176.212.24.22 - - [30/Jan/2021:11:11:25 -0300] "GET /boo HTTP/1.1" 404 0 "-" "curl/7.47.0"

89.123.1.41 - - [30/Jan/2021:11:11:20 -0300] "POST /foo HTTP/1.1" 200 0 "-" "curl/7.47.0"

176.212.24.22 - - [30/Jan/2021:11:11:25 -0300] "GET /boo HTTP/1.1" 404 0 "-" "curl/7.47.0"

176.212.24.22 - - [30/Jan/2021:11:11:25 -0300] "GET /boo HTTP/1.1" 404 0 "-" "curl/7.47.0"

176.212.24.22 - - [30/Jan/2021:11:11:25 -0300] "GET /boo HTTP/1.1" 404 0 "-" "curl/7.47.0"

176.212.24.22 - - [30/Jan/2021:11:11:25 -0300] "GET /boo HTTP/1.1" 404 0 "-" "curl/7.47.0"

89.123.1.41 - - [30/Jan/2021:11:11:20 -0300] "POST /foo HTTP/1.1" 200 0 "-" "curl/7.47.0"

89.123.1.41 - - [30/Jan/2021:11:11:20 -0300] "POST /foo HTTP/1.1" 200 0 "-" "curl/7.47.0"

176.212.24.22 - - [30/Jan/2021:11:11:25 -0300] "GET /boo HTTP/1.1" 404 0 "-" "curl/7.47.0"

176.212.24.22 - - [30/Jan/2021:11:11:25 -0300] "GET /boo HTTP/1.1" 404 0 "-" "curl/7.47.0"

89.123.1.41 - - [30/Jan/2021:11:11:20 -0300] "POST /foo HTTP/1.1" 200 0 "-" "curl/7.47.0"

176.212.24.22 - - [30/Jan/2021:11:11:25 -0300] "GET /boo HTTP/1.1" 404 0 "-" "curl/7.47.0"

176.212.24.22 - - [30/Jan/2021:11:11:25 -0300] "GET /boo HTTP/1.1" 404 0 "-" "curl/7.47.0"

176.212.24.22 - - [30/Jan/2021:11:11:25 -0300] "GET /boo HTTP/1.1" 404 0 "-" "curl/7.47.0"

176.212.24.22 - - [30/Jan/2021:11:11:25 -0300] "GET /boo HTTP/1.1" 404 0 "-" "curl/7.47.0"

176.212.24.22 - - [30/Jan/2021:11:11:25 -0300] "GET /boo HTTP/1.1" 404 0 "-" "curl/7.47.0"

176.212.24.22 - - [30/Jan/2021:11:11:25 -0300] "GET /boo HTTP/1.1" 404 0 "-" "curl/7.47.0"

89.123.1.41 - - [30/Jan/2021:11:11:20 -0300] "POST /foo HTTP/1.1" 200 0 "-" "curl/7.47.0"

176.212.24.22 - - [30/Jan/2021:11:11:25 -0300] "GET /boo HTTP/1.1" 404 0 "-" "curl/7.47.0"